---
source: libs/smoke_tests/src/jwt.rs
expression: json_body
---
Object {
    "data": Object {
        "__typename": String("Query"),
    },
}
