---
source: libs/smoke_tests/src/http_get.rs
expression: json_body
---
Object {
    "data": Object {
        "__typename": String("Query"),
    },
}
